// Jest Snapshot v1, https://goo.gl/fbAQLP

exports[`<Header /> match a snapshot 1`] = `
<div>
  <div>
    <div
      className="top"
    >
      <h2>
        My Shopping List
      </h2>
    </div>
    <nav
      className="navbar navbar-default navbar-fixed-top topnav"
      role="navigation"
    >
      <div
        className="container topnav"
      >
        <div
          className="collapse navbar-collapse"
          id="bs-example-navbar-collapse-1"
        >
          <ul
            className="nav navbar-nav navbar-right"
          >
            <li>
               
              <NavLink
                activeClassName="active"
                ariaCurrent="true"
                to="/"
              >
                 Home 
              </NavLink>
               
            </li>
            <li>
               
              <NavLink
                activeClassName="active"
                ariaCurrent="true"
                to="/login"
              >
                 Login 
              </NavLink>
               
            </li>
            <li>
               
              <NavLink
                activeClassName="active"
                ariaCurrent="true"
                to="/register"
              >
                 Register 
              </NavLink>
            </li>
          </ul>
        </div>
      </div>
    </nav>
  </div>
</div>
`;
